V3 3
FL "C:/Documents and Settings/micro/Desktop/tmenning/divider/divider.vhd" 2016/12/11.15:50:40 K.39
EN work/SerialDivider 1481500605 \
      FL "C:/Documents and Settings/micro/Desktop/tmenning/divider/divider.vhd" \
      PB ieee/std_logic_1164 1217055545 PH ieee/NUMERIC_STD 1217055545 \
      PB ieee/STD_LOGIC_UNSIGNED 1217055547
AR work/SerialDivider/DataFlow 1481500606 \
      FL "C:/Documents and Settings/micro/Desktop/tmenning/divider/divider.vhd" \
      EN work/SerialDivider 1481500605
